[mannatthemes.com/rizz/default-dark/index.html]
[backblue.gif]
[fade.gif]
[index.html]
[mannatthemes.com/rizz/default-dark/assets/images/favicon.ico]
[mannatthemes.com/rizz/default-dark/assets/libs/jsvectormap/css/jsvectormap.min.css]
[mannatthemes.com/rizz/default-dark/assets/css/bootstrap.min.css]
[mannatthemes.com/rizz/default-dark/assets/css/app.min.css]
[mannatthemes.com/rizz/default-dark/assets/images/flags/us_flag.jpg]
[mannatthemes.com/rizz/default-dark/assets/images/flags/spain_flag.jpg]
[mannatthemes.com/rizz/default-dark/assets/css/icons.min.css]
[mannatthemes.com/rizz/default-dark/assets/images/flags/germany_flag.jpg]
[mannatthemes.com/rizz/default-dark/assets/images/flags/french_flag.jpg]
[mannatthemes.com/rizz/default-dark/pages-notifications.html]
[mannatthemes.com/rizz/default-dark/assets/images/users/avatar-1.jpg]
[mannatthemes.com/rizz/default-dark/pages-profile.html]
[mannatthemes.com/rizz/default-dark/pages-faq.html]
[mannatthemes.com/rizz/default-dark/auth-login.html]
[mannatthemes.com/rizz/default-dark/assets/images/logo-sm.png]
[mannatthemes.com/rizz/default-dark/assets/images/logo-light.png]
[mannatthemes.com/rizz/default-dark/assets/images/logo-dark.png]
[mannatthemes.com/rizz/default-dark/ecommerce-index.html]
[mannatthemes.com/rizz/default-dark/analytics-customers.html]
[mannatthemes.com/rizz/default-dark/analytics-reports.html]
[mannatthemes.com/rizz/default-dark/projects-clients.html]
[mannatthemes.com/rizz/default-dark/projects-team.html]
[mannatthemes.com/rizz/default-dark/projects-project.html]
[mannatthemes.com/rizz/default-dark/projects-task.html]
[mannatthemes.com/rizz/default-dark/projects-kanban-board.html]
[mannatthemes.com/rizz/default-dark/projects-chat.html]
[mannatthemes.com/rizz/default-dark/projects-users.html]
[mannatthemes.com/rizz/default-dark/projects-create.html]
[mannatthemes.com/rizz/default-dark/ecommerce-products.html]
[mannatthemes.com/rizz/default-dark/ecommerce-customers.html]
[mannatthemes.com/rizz/default-dark/ecommerce-customer-details.html]
[mannatthemes.com/rizz/default-dark/ecommerce-orders.html]
[mannatthemes.com/rizz/default-dark/ecommerce-order-details.html]
[mannatthemes.com/rizz/default-dark/ecommerce-refunds.html]
[mannatthemes.com/rizz/default-dark/apps-chat.html]
[mannatthemes.com/rizz/default-dark/apps-contact-list.html]
[mannatthemes.com/rizz/default-dark/apps-calendar.html]
[mannatthemes.com/rizz/default-dark/apps-invoice.html]
[mannatthemes.com/rizz/default-dark/ui-alerts.html]
[mannatthemes.com/rizz/default-dark/ui-avatar.html]
[mannatthemes.com/rizz/default-dark/ui-buttons.html]
[mannatthemes.com/rizz/default-dark/ui-badges.html]
[mannatthemes.com/rizz/default-dark/ui-cards.html]
[mannatthemes.com/rizz/default-dark/ui-carousels.html]
[mannatthemes.com/rizz/default-dark/ui-dropdowns.html]
[mannatthemes.com/rizz/default-dark/ui-grids.html]
[mannatthemes.com/rizz/default-dark/ui-images.html]
[mannatthemes.com/rizz/default-dark/ui-list.html]
[mannatthemes.com/rizz/default-dark/ui-modals.html]
[mannatthemes.com/rizz/default-dark/ui-navs.html]
[mannatthemes.com/rizz/default-dark/ui-navbar.html]
[mannatthemes.com/rizz/default-dark/ui-paginations.html]
[mannatthemes.com/rizz/default-dark/ui-popover-tooltips.html]
[mannatthemes.com/rizz/default-dark/ui-progress.html]
[mannatthemes.com/rizz/default-dark/ui-spinners.html]
[mannatthemes.com/rizz/default-dark/ui-tabs-accordions.html]
[mannatthemes.com/rizz/default-dark/ui-typography.html]
[mannatthemes.com/rizz/default-dark/ui-videos.html]
[mannatthemes.com/rizz/default-dark/advanced-animation.html]
[mannatthemes.com/rizz/default-dark/advanced-clipboard.html]
[mannatthemes.com/rizz/default-dark/advanced-dragula.html]
[mannatthemes.com/rizz/default-dark/advanced-files.html]
[mannatthemes.com/rizz/default-dark/advanced-highlight.html]
[mannatthemes.com/rizz/default-dark/advanced-rangeslider.html]
[mannatthemes.com/rizz/default-dark/advanced-ratings.html]
[mannatthemes.com/rizz/default-dark/advanced-ribbons.html]
[mannatthemes.com/rizz/default-dark/advanced-sweetalerts.html]
[mannatthemes.com/rizz/default-dark/advanced-toasts.html]
[mannatthemes.com/rizz/default-dark/forms-elements.html]
[mannatthemes.com/rizz/default-dark/forms-advanced.html]
[mannatthemes.com/rizz/default-dark/forms-validation.html]
[mannatthemes.com/rizz/default-dark/forms-wizard.html]
[mannatthemes.com/rizz/default-dark/forms-editors.html]
[mannatthemes.com/rizz/default-dark/forms-uploads.html]
[mannatthemes.com/rizz/default-dark/forms-img-crop.html]
[mannatthemes.com/rizz/default-dark/charts-apex.html]
[mannatthemes.com/rizz/default-dark/charts-justgage.html]
[mannatthemes.com/rizz/default-dark/charts-chartjs.html]
[mannatthemes.com/rizz/default-dark/charts-toast-ui.html]
[mannatthemes.com/rizz/default-dark/tables-basic.html]
[mannatthemes.com/rizz/default-dark/tables-datatable.html]
[mannatthemes.com/rizz/default-dark/tables-editable.html]
[mannatthemes.com/rizz/default-dark/icons-fontawesome.html]
[mannatthemes.com/rizz/default-dark/icons-lineawesome.html]
[mannatthemes.com/rizz/default-dark/icons-icofont.html]
[mannatthemes.com/rizz/default-dark/icons-iconoir.html]
[mannatthemes.com/rizz/default-dark/maps-google.html]
[mannatthemes.com/rizz/default-dark/maps-leaflet.html]
[mannatthemes.com/rizz/default-dark/maps-vector.html]
[mannatthemes.com/rizz/default-dark/email-templates-basic.html]
[mannatthemes.com/rizz/default-dark/email-templates-alert.html]
[mannatthemes.com/rizz/default-dark/email-templates-billing.html]
[mannatthemes.com/rizz/default-dark/pages-timeline.html]
[mannatthemes.com/rizz/default-dark/pages-treeview.html]
[mannatthemes.com/rizz/default-dark/pages-starter.html]
[mannatthemes.com/rizz/default-dark/pages-pricing.html]
[mannatthemes.com/rizz/default-dark/pages-blogs.html]
[mannatthemes.com/rizz/default-dark/pages-gallery.html]
[mannatthemes.com/rizz/default-dark/auth-register.html]
[mannatthemes.com/rizz/default-dark/auth-recover-pw.html]
[mannatthemes.com/rizz/default-dark/auth-lock-screen.html]
[mannatthemes.com/rizz/default-dark/auth-maintenance.html]
[mannatthemes.com/rizz/default-dark/auth-404.html]
[mannatthemes.com/rizz/default-dark/auth-500.html]
[mannatthemes.com/rizz/default-dark/assets/images/users/avatar-2.jpg]
[mannatthemes.com/rizz/default-dark/assets/images/users/avatar-4.jpg]
[mannatthemes.com/rizz/default-dark/assets/images/users/avatar-3.jpg]
[mannatthemes.com/rizz/default-dark/assets/images/logos/chrome.png]
[mannatthemes.com/rizz/default-dark/assets/images/logos/micro-edge.png]
[mannatthemes.com/rizz/default-dark/assets/images/logos/in-explorer.png]
[mannatthemes.com/rizz/default-dark/assets/images/logos/opera.png]
[mannatthemes.com/rizz/default-dark/assets/images/flags/baha_flag.jpg]
[mannatthemes.com/rizz/default-dark/assets/libs/bootstrap/js/bootstrap.bundle.min.js]
[mannatthemes.com/rizz/default-dark/assets/libs/simplebar/simplebar.min.js]
[mannatthemes.com/rizz/default-dark/assets/data/stock-prices.js]
[mannatthemes.com/rizz/default-dark/assets/libs/apexcharts/apexcharts.min.js]
[mannatthemes.com/rizz/default-dark/assets/libs/jsvectormap/js/jsvectormap.min.js]
[mannatthemes.com/rizz/default-dark/assets/libs/jsvectormap/maps/world.js]
[mannatthemes.com/rizz/default-dark/assets/js/pages/index.init.js]
[mannatthemes.com/rizz/default-dark/assets/js/app.js]
[mannatthemes.com/rizz/default-dark/index.html]
[mannatthemes.com/rizz/default-dark/assets/libs/jsvectormap/css/jsvectormap.min.css]
[mannatthemes.com/rizz/default-dark/assets/css/bootstrap.min.css]
[mannatthemes.com/rizz/default-dark/assets/fonts/icofont.woff2]
[mannatthemes.com/rizz/default-dark/assets/fonts/icofont.woff]
[mannatthemes.com/rizz/default-dark/assets/fonts/la-brands-400.eot]
[mannatthemes.com/rizz/default-dark/assets/fonts/la-brands-400d41d.eot]
[mannatthemes.com/rizz/default-dark/assets/fonts/la-brands-400.woff2]
[mannatthemes.com/rizz/default-dark/assets/fonts/la-brands-400.woff]
[mannatthemes.com/rizz/default-dark/assets/fonts/la-brands-400.ttf]
[mannatthemes.com/rizz/default-dark/assets/fonts/la-regular-400.eot]
[mannatthemes.com/rizz/default-dark/assets/fonts/la-regular-400d41d.eot]
[mannatthemes.com/rizz/default-dark/assets/fonts/la-regular-400.woff2]
[mannatthemes.com/rizz/default-dark/assets/fonts/la-regular-400.woff]
[mannatthemes.com/rizz/default-dark/assets/fonts/la-regular-400.ttf]
[mannatthemes.com/rizz/default-dark/assets/fonts/la-solid-900.eot]
[mannatthemes.com/rizz/default-dark/assets/fonts/la-solid-900d41d.eot]
[mannatthemes.com/rizz/default-dark/assets/fonts/la-solid-900.woff2]
[mannatthemes.com/rizz/default-dark/assets/fonts/la-solid-900.woff]
[mannatthemes.com/rizz/default-dark/assets/fonts/la-solid-900.ttf]
[mannatthemes.com/rizz/default-dark/assets/fonts/fa-brands-400.woff2]
[mannatthemes.com/rizz/default-dark/assets/fonts/fa-brands-400.ttf]
[mannatthemes.com/rizz/default-dark/assets/fonts/fa-regular-400.woff2]
[mannatthemes.com/rizz/default-dark/assets/fonts/fa-regular-400.ttf]
[mannatthemes.com/rizz/default-dark/assets/fonts/fa-solid-900.woff2]
[mannatthemes.com/rizz/default-dark/assets/fonts/fa-solid-900.ttf]
[mannatthemes.com/rizz/default-dark/assets/fonts/fa-v4compatibility.woff2]
[mannatthemes.com/rizz/default-dark/assets/fonts/fa-v4compatibility.ttf]
[mannatthemes.com/rizz/default-dark/assets/css/icons.min.css]
[mannatthemes.com/rizz/default-dark/assets/css/app.min.css]
[mannatthemes.com/rizz/default-dark/assets/images/extra/card/notification.gif]
[mannatthemes.com/rizz/default-dark/assets/images/users/avatar-10.jpg]
[mannatthemes.com/rizz/default-dark/assets/images/users/avatar-9.jpg]
[mannatthemes.com/rizz/default-dark/assets/images/users/avatar-8.jpg]
[mannatthemes.com/rizz/default-dark/assets/images/users/avatar-5.jpg]
[mannatthemes.com/rizz/default-dark/assets/images/users/avatar-7.jpg]
[mannatthemes.com/rizz/default-dark/pages-notifications.html]
[mannatthemes.com/rizz/default-dark/assets/libs/tobii/css/tobii.min.css]
[mannatthemes.com/rizz/default-dark/assets/images/extra/card/post-1.jpg]
[mannatthemes.com/rizz/default-dark/assets/images/extra/card/img-1.jpg]
[mannatthemes.com/rizz/default-dark/assets/images/extra/card/img-2.jpg]
[mannatthemes.com/rizz/default-dark/assets/images/extra/card/img-3.jpg]
[mannatthemes.com/rizz/default-dark/assets/images/extra/card/img-4.jpg]
[mannatthemes.com/rizz/default-dark/assets/images/extra/card/img-5.jpg]
[mannatthemes.com/rizz/default-dark/assets/images/extra/card/img-6.jpg]
[mannatthemes.com/rizz/default-dark/assets/libs/tobii/js/tobii.min.js]
[mannatthemes.com/rizz/default-dark/assets/js/pages/profile.init.js]
[mannatthemes.com/rizz/default-dark/pages-profile.html]
[mannatthemes.com/rizz/default-dark/pages-faq.html]
[mannatthemes.com/rizz/default-dark/auth-login.html]
[mannatthemes.com/rizz/default-dark/assets/images/products/01.png]
[mannatthemes.com/rizz/default-dark/assets/images/products/02.png]
[mannatthemes.com/rizz/default-dark/assets/images/products/04.png]
[mannatthemes.com/rizz/default-dark/assets/images/products/06.png]
[mannatthemes.com/rizz/default-dark/assets/images/products/05.png]
[mannatthemes.com/rizz/default-dark/assets/js/pages/ecommerce-index.init.js]
[mannatthemes.com/rizz/default-dark/ecommerce-index.html]
[mannatthemes.com/rizz/default-dark/assets/js/pages/analytics-customers.init.js]
[mannatthemes.com/rizz/default-dark/analytics-customers.html]
[mannatthemes.com/rizz/default-dark/assets/js/pages/analytics-reports.init.js]
[mannatthemes.com/rizz/default-dark/analytics-reports.html]
[mannatthemes.com/rizz/default-dark/assets/images/flags/russia_flag.jpg]
[mannatthemes.com/rizz/default-dark/assets/images/users/avatar-6.jpg]
[mannatthemes.com/rizz/default-dark/projects-clients.html]
[mannatthemes.com/rizz/default-dark/assets/images/logos/lang-logo/nextjs.png]
[mannatthemes.com/rizz/default-dark/assets/images/logos/lang-logo/reactjs.png]
[mannatthemes.com/rizz/default-dark/assets/images/logos/lang-logo/svelte.png]
[mannatthemes.com/rizz/default-dark/assets/images/logos/lang-logo/vue.png]
[mannatthemes.com/rizz/default-dark/assets/images/logos/lang-logo/symfony.png]
[mannatthemes.com/rizz/default-dark/assets/images/logos/lang-logo/nodejs.png]
[mannatthemes.com/rizz/default-dark/projects-team.html]
[mannatthemes.com/rizz/default-dark/assets/images/logos/lang-logo/meta.png]
[mannatthemes.com/rizz/default-dark/assets/images/logos/lang-logo/gitlab.png]
[mannatthemes.com/rizz/default-dark/assets/images/logos/lang-logo/chatgpt.png]
[mannatthemes.com/rizz/default-dark/assets/images/logos/lang-logo/dropbox.png]
[mannatthemes.com/rizz/default-dark/assets/images/logos/lang-logo/slack.png]
[mannatthemes.com/rizz/default-dark/assets/images/logos/lang-logo/dribbble.png]
[mannatthemes.com/rizz/default-dark/projects-project.html]
[mannatthemes.com/rizz/default-dark/assets/js/pages/projects-task.init.js]
[mannatthemes.com/rizz/default-dark/projects-task.html]
[mannatthemes.com/rizz/default-dark/assets/images/extra/ill-2.png]
[mannatthemes.com/rizz/default-dark/assets/images/extra/ill-1.png]
[mannatthemes.com/rizz/default-dark/assets/libs/dragula/dragula.min.js]
[mannatthemes.com/rizz/default-dark/assets/js/pages/project-kanban.init.js]
[mannatthemes.com/rizz/default-dark/projects-kanban-board.html]
[mannatthemes.com/rizz/default-dark/projects-chat.html]
[mannatthemes.com/rizz/default-dark/assets/libs/simple-datatables/style.css]
[mannatthemes.com/rizz/default-dark/assets/libs/simple-datatables/umd/simple-datatables.js]
[mannatthemes.com/rizz/default-dark/assets/js/pages/datatable.init.js]
[mannatthemes.com/rizz/default-dark/projects-users.html]
[mannatthemes.com/rizz/default-dark/assets/libs/vanillajs-datepicker/css/datepicker.min.css]
[mannatthemes.com/rizz/default-dark/assets/libs/vanillajs-datepicker/js/datepicker-full.min.js]
[mannatthemes.com/rizz/default-dark/assets/js/pages/projects-create.init.js]
[mannatthemes.com/rizz/default-dark/projects-create.html]
[mannatthemes.com/rizz/default-dark/assets/images/products/03.png]
[mannatthemes.com/rizz/default-dark/ecommerce-products.html]
[mannatthemes.com/rizz/default-dark/ecommerce-customers.html]
[mannatthemes.com/rizz/default-dark/assets/images/extra/party.gif]
[mannatthemes.com/rizz/default-dark/ecommerce-customer-details.html]
[mannatthemes.com/rizz/default-dark/ecommerce-orders.html]
[mannatthemes.com/rizz/default-dark/ecommerce-order-details.html]
[mannatthemes.com/rizz/default-dark/ecommerce-refunds.html]
[mannatthemes.com/rizz/default-dark/apps-chat.html]
[mannatthemes.com/rizz/default-dark/apps-contact-list.html]
[mannatthemes.com/rizz/default-dark/assets/js/pages/calendar.init.js]
[mannatthemes.com/rizz/default-dark/apps-calendar.html]
[mannatthemes.com/rizz/default-dark/assets/libs/fullcalendar/index.global.min.js]
[mannatthemes.com/rizz/default-dark/assets/images/extra/signature.png]
[mannatthemes.com/rizz/default-dark/apps-invoice.html]
[mannatthemes.com/rizz/default-dark/ui-alerts.html]
[mannatthemes.com/rizz/default-dark/ui-avatar.html]
[mannatthemes.com/rizz/default-dark/ui-buttons.html]
[mannatthemes.com/rizz/default-dark/ui-badges.html]
[mannatthemes.com/rizz/default-dark/assets/images/extra/card/v-card.jpg]
[mannatthemes.com/rizz/default-dark/assets/images/extra/card/ex-card.png]
[mannatthemes.com/rizz/default-dark/ui-cards.html]
[mannatthemes.com/rizz/default-dark/ui-carousels.html]
[mannatthemes.com/rizz/default-dark/ui-dropdowns.html]
[mannatthemes.com/rizz/default-dark/ui-grids.html]
[mannatthemes.com/rizz/default-dark/assets/images/extra/color-bg-2.jpg]
[mannatthemes.com/rizz/default-dark/ui-images.html]
[mannatthemes.com/rizz/default-dark/ui-list.html]
[mannatthemes.com/rizz/default-dark/assets/images/extra/card/btc.png]
[mannatthemes.com/rizz/default-dark/assets/images/extra/card/find.png]
[mannatthemes.com/rizz/default-dark/ui-modals.html]
[mannatthemes.com/rizz/default-dark/ui-navs.html]
[mannatthemes.com/rizz/default-dark/ui-navbar.html]
[mannatthemes.com/rizz/default-dark/ui-paginations.html]
[mannatthemes.com/rizz/default-dark/ui-popover-tooltips.html]
[mannatthemes.com/rizz/default-dark/ui-progress.html]
[mannatthemes.com/rizz/default-dark/ui-spinners.html]
[mannatthemes.com/rizz/default-dark/ui-tabs-accordions.html]
[mannatthemes.com/rizz/default-dark/ui-typography.html]
[mannatthemes.com/rizz/default-dark/ui-videos.html]
[mannatthemes.com/rizz/default-dark/assets/libs/prismjs/prism.js]
[mannatthemes.com/rizz/default-dark/assets/libs/magic.css/magic.min.css]
[mannatthemes.com/rizz/default-dark/assets/js/pages/animation.init.js]
[mannatthemes.com/rizz/default-dark/advanced-animation.html]
[mannatthemes.com/rizz/default-dark/assets/libs/clipboard/clipboard.min.js]
[mannatthemes.com/rizz/default-dark/assets/js/pages/clipboard.init.js]
[mannatthemes.com/rizz/default-dark/advanced-clipboard.html]
[mannatthemes.com/rizz/default-dark/assets/libs/dragula/dragula.min.css]
[mannatthemes.com/rizz/default-dark/assets/images/logos/lang-logo/python.png]
[mannatthemes.com/rizz/default-dark/assets/js/pages/dragula.init.js]
[mannatthemes.com/rizz/default-dark/advanced-dragula.html]
[mannatthemes.com/rizz/default-dark/assets/images/logos/lang-logo/gdrive.png]
[mannatthemes.com/rizz/default-dark/assets/images/logos/lang-logo/onedrive.png]
[mannatthemes.com/rizz/default-dark/assets/images/logos/lang-logo/server.png]
[mannatthemes.com/rizz/default-dark/advanced-files.html]
[mannatthemes.com/rizz/default-dark/advanced-highlight.html]
[mannatthemes.com/rizz/default-dark/assets/libs/nouislider/nouislider.min.css]
[mannatthemes.com/rizz/default-dark/assets/libs/nouislider/nouislider.min.js]
[mannatthemes.com/rizz/default-dark/assets/libs/wnumb/wNumb.min.js]
[mannatthemes.com/rizz/default-dark/assets/js/pages/ui-slider.js]
[mannatthemes.com/rizz/default-dark/advanced-rangeslider.html]
[mannatthemes.com/rizz/default-dark/advanced-ratings.html]
[mannatthemes.com/rizz/default-dark/assets/libs/starability/starability-css/starability-all.css]
[mannatthemes.com/rizz/default-dark/assets/images/extra/dashboards/dastyle.jpg]
[mannatthemes.com/rizz/default-dark/assets/images/extra/dashboards/crovex.jpg]
[mannatthemes.com/rizz/default-dark/assets/images/extra/dashboards/metrica.jpg]
[mannatthemes.com/rizz/default-dark/assets/images/extra/dashboards/frogetor.jpg]
[mannatthemes.com/rizz/default-dark/advanced-ribbons.html]
[mannatthemes.com/rizz/default-dark/assets/libs/sweetalert2/sweetalert2.min.css]
[mannatthemes.com/rizz/default-dark/assets/libs/animate.css/animate.min.css]
[mannatthemes.com/rizz/default-dark/assets/libs/sweetalert2/sweetalert2.min.js]
[mannatthemes.com/rizz/default-dark/assets/js/pages/sweet-alert.init.js]
[mannatthemes.com/rizz/default-dark/advanced-sweetalerts.html]
[mannatthemes.com/rizz/default-dark/assets/js/pages/toast.init.js]
[mannatthemes.com/rizz/default-dark/advanced-toasts.html]
[mannatthemes.com/rizz/default-dark/forms-elements.html]
[mannatthemes.com/rizz/default-dark/assets/libs/mobius1-selectr/selectr.min.css]
[mannatthemes.com/rizz/default-dark/assets/libs/huebee/huebee.min.css]
[mannatthemes.com/rizz/default-dark/assets/libs/mobius1-selectr/selectr.min.js]
[mannatthemes.com/rizz/default-dark/assets/libs/huebee/huebee.pkgd.min.js]
[mannatthemes.com/rizz/default-dark/assets/js/moment.js]
[mannatthemes.com/rizz/default-dark/assets/libs/imask/imask.min.js]
[mannatthemes.com/rizz/default-dark/assets/js/pages/forms-advanced.js]
[mannatthemes.com/rizz/default-dark/forms-advanced.html]
[mannatthemes.com/rizz/default-dark/assets/js/pages/form-validation.js]
[mannatthemes.com/rizz/default-dark/forms-validation.html]
[mannatthemes.com/rizz/default-dark/assets/images/extra/task.png]
[mannatthemes.com/rizz/default-dark/assets/js/pages/form-wizard.js]
[mannatthemes.com/rizz/default-dark/forms-wizard.html]
[mannatthemes.com/rizz/default-dark/assets/libs/quill/quill.snow.css]
[mannatthemes.com/rizz/default-dark/assets/js/pages/form-editor.init.js]
[mannatthemes.com/rizz/default-dark/forms-editors.html]
[mannatthemes.com/rizz/default-dark/assets/libs/uppy/uppy.min.css]
[mannatthemes.com/rizz/default-dark/assets/libs/quill/quill.js]
[mannatthemes.com/rizz/default-dark/assets/js/pages/file-upload.init.js]
[mannatthemes.com/rizz/default-dark/forms-uploads.html]
[mannatthemes.com/rizz/default-dark/assets/libs/cropperjs/cropper.min.css]
[mannatthemes.com/rizz/default-dark/assets/libs/uppy/uppy.legacy.min.js]
[mannatthemes.com/rizz/default-dark/assets/libs/cropperjs/cropper.min.js]
[mannatthemes.com/rizz/default-dark/assets/js/pages/crop.init.js]
[mannatthemes.com/rizz/default-dark/forms-img-crop.html]
[mannatthemes.com/rizz/default-dark/assets/data/irregular-data-series.js]
[mannatthemes.com/rizz/default-dark/assets/data/ohlc.js]
[mannatthemes.com/rizz/default-dark/assets/js/pages/apexcharts.init.js]
[mannatthemes.com/rizz/default-dark/charts-apex.html]
[mannatthemes.com/rizz/default-dark/assets/libs/raphael/raphael.min.js]
[mannatthemes.com/rizz/default-dark/assets/libs/justgage/justgage.min.js]
[mannatthemes.com/rizz/default-dark/assets/js/pages/justgage.init.js]
[mannatthemes.com/rizz/default-dark/charts-justgage.html]
[mannatthemes.com/rizz/default-dark/assets/js/pages/chartjs.init.js]
[mannatthemes.com/rizz/default-dark/charts-chartjs.html]
[mannatthemes.com/rizz/default-dark/assets/libs/chart.js/chart.min.js]
[mannatthemes.com/rizz/default-dark/assets/libs/tui-chart/tui-chart.min.css]
[mannatthemes.com/rizz/default-dark/assets/libs/tui-chart/maps/usa.js]
[mannatthemes.com/rizz/default-dark/assets/libs/tui-chart/tui-chart-all.min.js]
[mannatthemes.com/rizz/default-dark/assets/js/pages/toast-ui.init.js]
[mannatthemes.com/rizz/default-dark/charts-toast-ui.html]
[mannatthemes.com/rizz/default-dark/tables-basic.html]
[mannatthemes.com/rizz/default-dark/tables-datatable.html]
[mannatthemes.com/rizz/default-dark/assets/libs/vanilla-datatables/vanilla-dataTables.min.css]
[mannatthemes.com/rizz/default-dark/assets/libs/vanilla-datatables-editable/datatable.editable.min.css]
[mannatthemes.com/rizz/default-dark/assets/libs/vanilla-datatables/vanilla-dataTables.min.js]
[mannatthemes.com/rizz/default-dark/assets/libs/vanilla-datatables-editable/datatable.editable.min.js]
[mannatthemes.com/rizz/default-dark/assets/js/pages/editable.init.js]
[mannatthemes.com/rizz/default-dark/tables-editable.html]
[mannatthemes.com/rizz/default-dark/icons-fontawesome.html]
[mannatthemes.com/rizz/default-dark/icons-lineawesome.html]
[mannatthemes.com/rizz/default-dark/icons-icofont.html]
[mannatthemes.com/rizz/default-dark/icons-iconoir.html]
[mannatthemes.com/rizz/default-dark/assets/libs/gmaps/gmaps.min.js]
[mannatthemes.com/rizz/default-dark/assets/js/pages/gmaps.init.js]
[mannatthemes.com/rizz/default-dark/maps-google.html]
[mannatthemes.com/rizz/default-dark/assets/libs/leaflet/leaflet.css]
[mannatthemes.com/rizz/default-dark/assets/libs/leaflet/leaflet.js]
[mannatthemes.com/rizz/default-dark/assets/js/pages/leaflet-map.init.js]
[mannatthemes.com/rizz/default-dark/maps-leaflet.html]
[mannatthemes.com/rizz/default-dark/assets/js/pages/vectormap.init.js]
[mannatthemes.com/rizz/default-dark/maps-vector.html]
[mannatthemes.com/rizz/default-dark/email-templates-basic.html]
[mannatthemes.com/rizz/default-dark/assets/images/extra/bell.png]
[mannatthemes.com/rizz/default-dark/email-templates-alert.html]
[mannatthemes.com/rizz/default-dark/email-templates-billing.html]
[mannatthemes.com/rizz/default-dark/pages-timeline.html]
[mannatthemes.com/rizz/default-dark/assets/libs/listree/listree.min.css]
[mannatthemes.com/rizz/default-dark/assets/libs/listree/listree.umd.min.js]
[mannatthemes.com/rizz/default-dark/pages-treeview.html]
[mannatthemes.com/rizz/default-dark/pages-starter.html]
[mannatthemes.com/rizz/default-dark/pages-pricing.html]
[mannatthemes.com/rizz/default-dark/pages-blogs.html]
[mannatthemes.com/rizz/default-dark/pages-gallery.html]
[mannatthemes.com/rizz/default-dark/auth-register.html]
[mannatthemes.com/rizz/default-dark/auth-recover-pw.html]
[mannatthemes.com/rizz/default-dark/auth-lock-screen.html]
[mannatthemes.com/rizz/default-dark/assets/images/extra/card/maintenance.png]
[mannatthemes.com/rizz/default-dark/auth-maintenance.html]
[mannatthemes.com/rizz/default-dark/auth-404.html]
[mannatthemes.com/rizz/default-dark/auth-500.html]
[mannatthemes.com/rizz/default-dark/assets/fonts/la-brands-400.svg]
[mannatthemes.com/rizz/default-dark/assets/fonts/la-regular-400.svg]
[mannatthemes.com/rizz/default-dark/assets/fonts/la-solid-900.svg]
[mannatthemes.com/rizz/default-dark/assets/libs/tobii/css/tobii.min.css]
[mannatthemes.com/rizz/default-dark/assets/libs/simple-datatables/style.css]
[mannatthemes.com/rizz/default-dark/assets/libs/vanillajs-datepicker/css/datepicker.min.css]
[mannatthemes.com/rizz/default-dark/assets/libs/magic.css/magic.min.css]
[mannatthemes.com/rizz/default-dark/assets/libs/dragula/dragula.min.css]
[mannatthemes.com/rizz/default-dark/assets/libs/nouislider/nouislider.min.css]
[mannatthemes.com/rizz/default-dark/assets/libs/starability/starability-css/starability-all.css]
[mannatthemes.com/rizz/default-dark/assets/libs/sweetalert2/sweetalert2.min.css]
[mannatthemes.com/rizz/default-dark/assets/libs/animate.css/animate.min.css]
[mannatthemes.com/rizz/default-dark/assets/libs/mobius1-selectr/selectr.min.css]
[mannatthemes.com/rizz/default-dark/assets/libs/huebee/huebee.min.css]
[mannatthemes.com/rizz/default-dark/assets/libs/quill/quill.snow.css]
[mannatthemes.com/rizz/default-dark/assets/libs/uppy/uppy.min.css]
[mannatthemes.com/rizz/default-dark/assets/libs/cropperjs/cropper.min.css]
[mannatthemes.com/rizz/default-dark/cropped.html]
[mannatthemes.com/rizz/default-dark/assets/libs/tui-chart/tui-chart.min.css]
[mannatthemes.com/rizz/default-dark/assets/libs/vanilla-datatables/vanilla-dataTables.min.css]
[mannatthemes.com/rizz/default-dark/assets/libs/vanilla-datatables-editable/datatable.editable.min.css]
[mannatthemes.com/rizz/default-dark/assets/libs/leaflet/images/layers.png]
[mannatthemes.com/rizz/default-dark/assets/libs/leaflet/images/layers-2x.png]
[mannatthemes.com/rizz/default-dark/assets/libs/leaflet/images/marker-icon.png]
[mannatthemes.com/rizz/default-dark/assets/libs/leaflet/leaflet.css]
[mannatthemes.com/rizz/default-dark/assets/libs/listree/listree.min.css]
[mannatthemes.com/rizz/default-dark/assets/JS/pages/tree.init.html]
[mannatthemes.com/rizz/default-dark/assets/images/extra/error.svg]
